
> temp_app@0.1.0 build
> next build

   笆ｲ Next.js 15.1.11
   - Environments: .env.local

   Creating an optimized production build ...
 笨・Compiled successfully
   Linting and checking validity of types ...
node.exe : 
発生場所 C:\Program Files\
nodejs\npm.ps1:29 文字:3
+   & $NODE_EXE $NPM_C
LI_JS $args
+   ~~~~~~~~~~~~~~~~~~
~~~~~~~~~~~
    + CategoryInfo    
          : NotSpeci  
  fied: (:String) [   
 ], RemoteExceptio    
n
    + FullyQualifiedE 
   rrorId : NativeCo  
  mmandError
 
Failed to compile.

./src/app/admin/(auth)
/works/_components/Edi
tWorkForm.tsx
15:10  Warning: 'Smart
Image' is defined but 
never used.  @typescri
pt-eslint/no-unused-va
rs

./src/components/ui/Am
bientGlow.tsx
16:9  Error: Error: Ca
lling setState synchro
nously within an effec
t can trigger cascadin
g renders

Effects are intended t
o synchronize state be
tween React and extern
al systems such as man
ually updating the DOM
, state management lib
raries, or other platf
orm APIs. In general, 
the body of an effect 
should do one or both 
of the following:
* Update external syst
ems with the latest st
ate from React.
* Subscribe for update
s from some external s
ystem, calling setStat
e in a callback functi
on when external state
 changes.

Calling setState synch
ronously within an eff
ect body causes cascad
ing renders that can h
urt performance, and i
s not recommended. (ht
tps://react.dev/learn/
you-might-not-need-an-
effect).

C:\Users\syuue\OneDriv
e\繝・せ繧ｯ繝医ャ繝予雜｣蜻ｳ菴懈・\繝昴
・繝医ヵ繧ｩ繝ｪ繧ｪ\src\compone
nts\ui\AmbientGlow.tsx
:16:9
  14 |
  15 |     useEffect((
) => {
> 16 |         setMoun
ted(true)
     |         ^^^^^^^
^^^ Avoid calling setS
tate() directly within
 an effect
  17 |         // Cent
er initial position
  18 |         x.set(w
indow.innerWidth / 2)
  19 |         y.set(w
indow.innerHeight / 2)
  react-hooks/set-stat
e-in-effect

./src/scripts/setup-st
orage.ts
11:17  Warning: 'data'
 is assigned a value b
ut never used.  @types
cript-eslint/no-unused
-vars

info  - Need to disabl
e some ESLint rules? L
earn more here: https:
//nextjs.org/docs/app/
api-reference/config/e
slint#disabling-rules
