
> temp_app@0.1.0 build
> next build

   ▲ Next.js 15.1.0
   - Environments: .env.local

   Creating an optimized production build ...
Failed to compile.

./src/app/admin/(auth)/devices/new/page.tsx
Module not found: Can't resolve './_components/DeviceForm'

https://nextjs.org/docs/messages/module-not-found


> Build failed because of webpack errors
